eeschema (2013-05-16 BZR 4016)-stable  >> Creation date: 10-08-2013 10:09:15
#Cmp ( order = Reference )
| BT1        BATTERY     
| C1         10uF        
| C2         100nF       
| C3         20pF        
| C4         20pF        
| C5         330pF       
| C6         100uF       
| C7         100nF       
| C8         100nF       
| C9         100nF       
| D2         1N5819      
| IC1        ATMEGA8A-A  
| IC2        DS1307      
| K1         CONN_3      
| L1         100uH       
| LED1       LED5MM      
| P1         CONN_5      
| P2         CONN_2      
| R1         220R        
| R2         10K         
| R3         10K         
| R4         10K         
| R5         10K         
| R6         10K         
| R7         330R        
| R8         1R          
| R9         10K         
| R10        18K         
| R11        10K         
| R12        10K         
| R13        220R        
| R14        220R        
| R15        220R        
| R16        220R        
| R17        220R        
| R18        220R        
| SP1        SPEAKER     
| U1         LM35        
| U2         DOTMATRIX57 
| U3         DOTMATRIX57 
| U4         DOTMATRIX57 
| U5         DOTMATRIX57 
| U6         TACTSW      
| U7         TACTSW      
| U8         TACTSW      
| U9         LDR         
| U10        74HC595     
| U11        74HC595     
| U12        74HC595     
| U13        MC34063     
| U14        ULN2803SOICW
| U15        ULN2803SOICW
| U16        ULN2803SOICW
| X1         8Mhz        
| Y1         CRYSTAL32-SMD
#End Cmp

#Cmp ( order = Value )
| BATTERY      BT1       
| 20pF         C3        
| 20pF         C4        
| 330pF        C5        
| 100nF        C2        
| 100nF        C7        
| 100nF        C8        
| 100nF        C9        
| 10uF         C1        
| 100uF        C6        
| 1N5819       D2        
| DS1307       IC2       
| ATMEGA8A-A   IC1       
| CONN_3       K1        
| 100uH        L1        
| LED5MM       LED1      
| CONN_5       P1        
| CONN_2       P2        
| 1R           R8        
| 220R         R1        
| 220R         R13       
| 220R         R14       
| 220R         R15       
| 220R         R16       
| 220R         R17       
| 220R         R18       
| 330R         R7        
| 10K          R2        
| 10K          R3        
| 10K          R4        
| 10K          R5        
| 10K          R6        
| 10K          R9        
| 10K          R11       
| 10K          R12       
| 18K          R10       
| SPEAKER      SP1       
| LM35         U1        
| DOTMATRIX57  U2        
| DOTMATRIX57  U3        
| DOTMATRIX57  U4        
| DOTMATRIX57  U5        
| LDR          U9        
| MC34063      U13       
| ULN2803SOICW U14       
| ULN2803SOICW U15       
| ULN2803SOICW U16       
| TACTSW       U6        
| TACTSW       U7        
| TACTSW       U8        
| 74HC595      U10       
| 74HC595      U11       
| 74HC595      U12       
| 8Mhz         X1        
| CRYSTAL32-SMD Y1        
#End Cmp

#End List
